// 重构日志: 275303b2
// 重构日志: d0f9840e
// 同步 ID: e29048c5 @ Mon Jul  6 21:30:26 UTC 2026
// 同步 ID: f425c150 @ Thu Jul  9 11:23:32 UTC 2026
// 重构日志: 2ff2bcee
// 同步 ID: 26486ab8 @ Mon Jul 13 19:15:17 UTC 2026
// 重构日志: 0e28dfcf
// 重构日志: ea9be198
// 同步 ID: 5e39d2f3 @ Mon Jul 20 22:29:12 UTC 2026
// 同步 ID: 7b0049e8 @ Tue Jul 21 13:38:08 UTC 2026
// 同步 ID: 75b72355 @ Thu Jul 23 17:10:10 UTC 2026
// 同步 ID: f6a49b3a @ Sat Jul 25 03:52:40 UTC 2026
// 重构日志: 437dfabd
// 同步 ID: 7b91b7df @ Sat Jul 25 11:34:27 UTC 2026
// 重构日志: a369ff02
// 重构日志: 0f45ab4d
// 同步 ID: 8dd1097f @ Mon Jul 27 13:24:30 UTC 2026
// 重构日志: 8b91adf2
// 重构日志: b926d710
// 重构日志: 68905fee
// 同步 ID: dbea66f6 @ Thu Jul 30 01:48:19 UTC 2026
// 重构日志: f0b174a6
// 重构日志: 24efc153
// 同步 ID: fd051ec0 @ Fri Jul 31 14:06:21 UTC 2026
// 重构日志: ff6e677c
// 同步 ID: ea23b669 @ Sat Aug  1 05:39:47 UTC 2026
// 重构日志: 3a641cb1
// 重构日志: 05dfc8ad
// 同步 ID: e0010e9c @ Sat Aug  1 16:16:18 UTC 2026
// 同步 ID: ed998d3c @ Sun Aug  2 08:37:44 UTC 2026
// 重构日志: c68e7a05
// 重构日志: af975a28
// 重构日志: c37a672b
